// Jest Snapshot v1, https://goo.gl/fbAQLP

exports[`Register Component matches snapshot 1`] = `
<DocumentFragment>
  <div
    class="d-flex justify-content-center align-items-center py-5 bg-light-subtle container"
    style="min-height: 100vh;"
  >
    <div
      class="w-100 justify-content-center row"
    >
      <div
        class="col-md-8 col-lg-6"
      >
        <div
          class="text-center mb-4"
        >
          <svg
            class="mb-2"
            fill="currentColor"
            height="40"
            stroke="currentColor"
            stroke-width="0"
            viewBox="0 0 448 512"
            width="40"
            xmlns="http://www.w3.org/2000/svg"
          >
            <path
              d="M436 480h-20V24c0-13.255-10.745-24-24-24H56C42.745 0 32 10.745 32 24v456H12c-6.627 0-12 5.373-12 12v20h448v-20c0-6.627-5.373-12-12-12zM128 76c0-6.627 5.373-12 12-12h40c6.627 0 12 5.373 12 12v40c0 6.627-5.373 12-12 12h-40c-6.627 0-12-5.373-12-12V76zm0 96c0-6.627 5.373-12 12-12h40c6.627 0 12 5.373 12 12v40c0 6.627-5.373 12-12 12h-40c-6.627 0-12-5.373-12-12v-40zm52 148h-40c-6.627 0-12-5.373-12-12v-40c0-6.627 5.373-12 12-12h40c6.627 0 12 5.373 12 12v40c0 6.627-5.373 12-12 12zm76 160h-64v-84c0-6.627 5.373-12 12-12h40c6.627 0 12 5.373 12 12v84zm64-172c0 6.627-5.373 12-12 12h-40c-6.627 0-12-5.373-12-12v-40c0-6.627 5.373-12 12-12h40c6.627 0 12 5.373 12 12v40zm0-96c0 6.627-5.373 12-12 12h-40c-6.627 0-12-5.373-12-12v-40c0-6.627 5.373-12 12-12h40c6.627 0 12 5.373 12 12v40zm0-96c0 6.627-5.373 12-12 12h-40c-6.627 0-12-5.373-12-12V76c0-6.627 5.373-12 12-12h40c6.627 0 12 5.373 12 12v40z"
            />
          </svg>
          <h3>
            SmartEstate
          </h3>
        </div>
        <div
          class="shadow border-0 rounded-4 card"
        >
          <div
            class="card-header bg-transparent border-0 text-center pt-4 pb-0"
          >
            <div
              class="btn-group w-50"
              role="group"
            >
              <a
                class="text-muted border-0 rounded-0 btn btn-light"
                href="/login"
              >
                Login
              </a>
              <button
                class="fw-bold active border-bottom border-dark rounded-0 btn btn-white"
              >
                Sign Up
              </button>
            </div>
          </div>
          <div
            class="p-5 card-body"
          >
            <h4
              class="card-title fw-bold mb-1"
            >
              Create an Account
            </h4>
            <p
              class="text-muted mb-4"
            >
              Join us to find your perfect home
            </p>
            <form
              class=""
            >
              <div
                class="row"
              >
                <div
                  class="col-md-12"
                >
                  <div
                    class="mb-3"
                  >
                    <label
                      class="form-label"
                    >
                      Full Name
                    </label>
                    <input
                      class="bg-light border-0 form-control"
                      name="fullName"
                      required=""
                      type="text"
                    />
                  </div>
                </div>
              </div>
              <div
                class="mb-3"
              >
                <label
                  class="form-label"
                >
                  Email
                </label>
                <input
                  class="bg-light border-0 form-control"
                  data-testid="email"
                  name="userEmail"
                  required=""
                  type="email"
                />
              </div>
              <div
                class="row"
              >
                <div
                  class="col-md-6"
                >
                  <div
                    class="mb-3"
                  >
                    <label
                      class="form-label"
                    >
                      Password
                    </label>
                    <input
                      class="bg-light border-0 form-control"
                      name="pwd"
                      required=""
                      type="password"
                    />
                  </div>
                </div>
                <div
                  class="col-md-6"
                >
                  <div
                    class="mb-3"
                  >
                    <label
                      class="form-label"
                    >
                      Confirm Password
                    </label>
                    <input
                      class="bg-light border-0 form-control"
                      name="confirmPwd"
                      required=""
                      type="password"
                    />
                  </div>
                </div>
              </div>
              <div
                class="row"
              >
                <div
                  class="col-md-6"
                >
                  <div
                    class="mb-3"
                  >
                    <label
                      class="form-label"
                    >
                      Gender
                    </label>
                    <select
                      class="bg-light border-0 form-select"
                      name="gender"
                    >
                      <option>
                        Male
                      </option>
                      <option>
                        Female
                      </option>
                    </select>
                  </div>
                </div>
                <div
                  class="col-md-6"
                >
                  <div
                    class="mb-3"
                  >
                    <label
                      class="form-label"
                    >
                      Date of Birth
                    </label>
                    <input
                      class="bg-light border-0 form-control"
                      name="dob"
                      required=""
                      type="date"
                    />
                  </div>
                </div>
              </div>
              <button
                class="w-100 mt-4 py-2 fw-bold btn btn-dark d-block w-100"
                type="submit"
              >
                Sign Up
              </button>
            </form>
          </div>
        </div>
      </div>
    </div>
  </div>
</DocumentFragment>
`;
